La variable "b" n'est pas affectÃ©e dans l'expression "a * b".
