Erreur syntaxique ligne 1:7 ("," attendu, "b" trouvé).
Erreur syntaxique ligne 4:1 (";" attendu, "var" trouvé).
Erreur syntaxique ligne 8:4 (":=" attendu, "b" trouvé).

